// Jest Snapshot v1, https://goo.gl/fbAQLP

exports[`MovieListToolbar Component renders the component correctly 1`] = `
<MovieListToolbar__MovieListToolbarWrapper>
  <Connect(MovieGenreFilter) />
  <Connect(MovieSearch) />
</MovieListToolbar__MovieListToolbarWrapper>
`;
