// Jest Snapshot v1, https://goo.gl/fbAQLP

exports[`MovieSearch component correctly renders the component 1`] = `ShallowWrapper {}`;
