// Jest Snapshot v1, https://goo.gl/fbAQLP

exports[`MovieGenreFilter renders the component correctly 1`] = `ShallowWrapper {}`;
