// Jest Snapshot v1, https://goo.gl/fbAQLP

exports[`Moviepage component renders the moviepage correctly 1`] = `
<div
  className="movie-page"
>
  <p>
    Im the movie page
  </p>
</div>
`;
