// Jest Snapshot v1, https://goo.gl/fbAQLP

exports[`SearchEmptyState component correctly renders SearchEmptyState 1`] = `ShallowWrapper {}`;
